
> homes-event@0.1.0 build
> next build

Γû▓ Next.js 16.1.6 (Turbopack)

  Creating an optimized production build ...
node.exe : 
At C:\Program Files\no
dejs\npm.ps1:29 char:3
+   & $NODE_EXE 
$NPM_CLI_JS $args
+   ~~~~~~~~~~~~~~~~~~
~~~~~~~~~~~
    + CategoryInfo    
          : NotSpeci  
  fied: (:String) [   
 ], RemoteExceptio    
n
    + FullyQualifiedE 
   rrorId : NativeCo  
  mmandError
 
> Build error occurred
Error: Turbopack 
build failed with 2 
errors:
./src/app/events/event
s.css
Error evaluating 
Node.js code
Error: It looks like 
you're trying to use 
`tailwindcss` 
directly as a PostCSS 
plugin. The PostCSS 
plugin has moved to a 
separate package, so 
to continue using 
Tailwind CSS with 
PostCSS you'll need 
to install `@tailwindc
ss/postcss` and 
update your PostCSS 
configuration.
    [at at (C:\Users\K
enneth\Desktop\event\H
omesEvent\node_modules
\tailwindcss\dist\lib.
js:38:1643)]
    at turbopack:///[t
urbopack-node]/transfo
rms/postcss.ts:56:14 [
C:\Users\Kenneth\Deskt
op\event\HomesEvent\.n
ext\build\chunks\[root
-of-the-server]__51225
daf._.js:140:20]
    [at <anonymous>]
    at Module.init (tu
rbopack:///[turbopack-
node]/transforms/postc
ss.ts:43:33) [C:\Users
\Kenneth\Desktop\event
\HomesEvent\.next\buil
d\chunks\[root-of-the-
server]__51225daf._.js
:130:35]
    at run (turbopack:
///[turbopack-node]/ip
c/evaluate.ts:77:20) [
C:\Users\Kenneth\Deskt
op\event\HomesEvent\.n
ext\build\chunks\[root
-of-the-server]__97494
1ed._.js:429:26]
    [at process.proces
sTicksAndRejections (n
ode:internal/process/t
ask_queues:105:5)]

Import trace:
  Client Component 
Browser:
    ./src/app/events/e
vents.css [Client 
Component Browser]
    ./src/app/admin/pa
ge.tsx [Client 
Component Browser]
    ./src/app/admin/pa
ge.tsx [Server 
Component]


./src/app/globals.css
Error evaluating 
Node.js code
Error: It looks like 
you're trying to use 
`tailwindcss` 
directly as a PostCSS 
plugin. The PostCSS 
plugin has moved to a 
separate package, so 
to continue using 
Tailwind CSS with 
PostCSS you'll need 
to install `@tailwindc
ss/postcss` and 
update your PostCSS 
configuration.
    [at at (C:\Users\K
enneth\Desktop\event\H
omesEvent\node_modules
\tailwindcss\dist\lib.
js:38:1643)]
    at turbopack:///[t
urbopack-node]/transfo
rms/postcss.ts:56:14 [
C:\Users\Kenneth\Deskt
op\event\HomesEvent\.n
ext\build\chunks\[root
-of-the-server]__51225
daf._.js:140:20]
    [at <anonymous>]
    at Module.init (tu
rbopack:///[turbopack-
node]/transforms/postc
ss.ts:43:33) [C:\Users
\Kenneth\Desktop\event
\HomesEvent\.next\buil
d\chunks\[root-of-the-
server]__51225daf._.js
:130:35]
    at run (turbopack:
///[turbopack-node]/ip
c/evaluate.ts:77:20) [
C:\Users\Kenneth\Deskt
op\event\HomesEvent\.n
ext\build\chunks\[root
-of-the-server]__97494
1ed._.js:429:26]
    [at process.proces
sTicksAndRejections (n
ode:internal/process/t
ask_queues:105:5)]

Import trace:
  Client Component 
Browser:
    
./src/app/globals.css 
[Client Component 
Browser]
    
./src/app/layout.tsx 
[Server Component]


    at Module.init (tu
rbopack:///[turbopack-
node]/transforms/postc
ss.ts:43:33) [C:\Users
\Kenneth\Desktop\event
\HomesEvent\.next\buil
d\chunks\[root-of-the-
server]__51225daf._.js
:130:35])
    at run (turbopack:
///[turbopack-node]/ip
c/evaluate.ts:77:20) [
C:\Users\Kenneth\Deskt
op\event\HomesEvent\.n
ext\build\chunks\[root
-of-the-server]__97494
1ed._.js:429:26])
    at Module.init (tu
rbopack:///[turbopack-
node]/transforms/postc
ss.ts:43:33) [C:\Users
\Kenneth\Desktop\event
\HomesEvent\.next\buil
d\chunks\[root-of-the-
server]__51225daf._.js
:130:35])
    at run (turbopack:
///[turbopack-node]/ip
c/evaluate.ts:77:20) [
C:\Users\Kenneth\Deskt
op\event\HomesEvent\.n
ext\build\chunks\[root
-of-the-server]__97494
1ed._.js:429:26])
