src/app/events/create/page.tsx(25,59): error TS2307: Cannot find module '@/lib/validations/event' or its corresponding type declarations.
src/app/events/create/page.tsx(26,27): error TS2307: Cannot find module '@/lib/api' or its corresponding type declarations.
